[0.159s] Invoking command in '/root/workspaces/slam_ws/build/slam_toolbox_demo': CMAKE_PREFIX_PATH=${CMAKE_PREFIX_PATH}:/opt/ros/jazzy /usr/bin/cmake --build /root/workspaces/slam_ws/build/slam_toolbox_demo -- -j4 -l4
[0.389s] -- Found ament_cmake: 2.5.6 (/opt/ros/jazzy/share/ament_cmake/cmake)
[1.102s] -- Found ament_lint_auto: 0.17.5 (/opt/ros/jazzy/share/ament_lint_auto/cmake)
[1.550s] -- Added test 'flake8' to check Python code syntax and style conventions
[1.550s] -- Configured 'flake8' exclude dirs and/or files: 
[1.565s] -- Added test 'lint_cmake' to check CMake code style
[1.584s] -- Added test 'pep257' to check Python code against some of the docstring style conventions in PEP 257
[1.631s] -- Added test 'xmllint' to check XML markup files
[1.710s] -- Configuring done (1.4s)
[2.318s] -- Generating done (0.5s)
[2.679s] -- Build files have been written to: /root/workspaces/slam_ws/build/slam_toolbox_demo
[2.741s] Invoked command in '/root/workspaces/slam_ws/build/slam_toolbox_demo' returned '0': CMAKE_PREFIX_PATH=${CMAKE_PREFIX_PATH}:/opt/ros/jazzy /usr/bin/cmake --build /root/workspaces/slam_ws/build/slam_toolbox_demo -- -j4 -l4
[2.803s] Invoking command in '/root/workspaces/slam_ws/build/slam_toolbox_demo': CMAKE_PREFIX_PATH=${CMAKE_PREFIX_PATH}:/opt/ros/jazzy /usr/bin/cmake --install /root/workspaces/slam_ws/build/slam_toolbox_demo
[2.844s] -- Install configuration: ""
[2.863s] -- Up-to-date: /root/workspaces/slam_ws/install/slam_toolbox_demo/share/slam_toolbox_demo/launch
[2.893s] -- Up-to-date: /root/workspaces/slam_ws/install/slam_toolbox_demo/share/slam_toolbox_demo/launch/slam_toolbox_online_async.launch.py
[2.915s] -- Installing: /root/workspaces/slam_ws/install/slam_toolbox_demo/share/slam_toolbox_demo/launch/localization.launch.py
[2.933s] -- Up-to-date: /root/workspaces/slam_ws/install/slam_toolbox_demo/share/slam_toolbox_demo/config
[2.952s] -- Installing: /root/workspaces/slam_ws/install/slam_toolbox_demo/share/slam_toolbox_demo/config/slam_toolbox_localization.yaml
[2.977s] -- Up-to-date: /root/workspaces/slam_ws/install/slam_toolbox_demo/share/slam_toolbox_demo/config/slam_toolbox_online_async.yaml
[2.996s] -- Up-to-date: /root/workspaces/slam_ws/install/slam_toolbox_demo/share/slam_toolbox_demo/map
[3.016s] -- Installing: /root/workspaces/slam_ws/install/slam_toolbox_demo/share/slam_toolbox_demo/map/turtlebot3_world_map.pgm
[3.036s] -- Installing: /root/workspaces/slam_ws/install/slam_toolbox_demo/share/slam_toolbox_demo/map/turtlebot3_world_map.yaml
[3.081s] -- Installing: /root/workspaces/slam_ws/install/slam_toolbox_demo/share/slam_toolbox_demo/posegraph
[3.109s] -- Installing: /root/workspaces/slam_ws/install/slam_toolbox_demo/share/slam_toolbox_demo/posegraph/turtlebot3_world.posegraph
[3.212s] -- Installing: /root/workspaces/slam_ws/install/slam_toolbox_demo/share/slam_toolbox_demo/posegraph/turtlebot3_world.data
[3.303s] -- Up-to-date: /root/workspaces/slam_ws/install/slam_toolbox_demo/share/ament_index/resource_index/package_run_dependencies/slam_toolbox_demo
[3.318s] -- Up-to-date: /root/workspaces/slam_ws/install/slam_toolbox_demo/share/ament_index/resource_index/parent_prefix_path/slam_toolbox_demo
[3.328s] -- Up-to-date: /root/workspaces/slam_ws/install/slam_toolbox_demo/share/slam_toolbox_demo/environment/ament_prefix_path.sh
[3.341s] -- Up-to-date: /root/workspaces/slam_ws/install/slam_toolbox_demo/share/slam_toolbox_demo/environment/ament_prefix_path.dsv
[3.376s] -- Up-to-date: /root/workspaces/slam_ws/install/slam_toolbox_demo/share/slam_toolbox_demo/environment/path.sh
[3.395s] -- Up-to-date: /root/workspaces/slam_ws/install/slam_toolbox_demo/share/slam_toolbox_demo/environment/path.dsv
[3.415s] -- Up-to-date: /root/workspaces/slam_ws/install/slam_toolbox_demo/share/slam_toolbox_demo/local_setup.bash
[3.433s] -- Up-to-date: /root/workspaces/slam_ws/install/slam_toolbox_demo/share/slam_toolbox_demo/local_setup.sh
[3.453s] -- Up-to-date: /root/workspaces/slam_ws/install/slam_toolbox_demo/share/slam_toolbox_demo/local_setup.zsh
[3.476s] -- Up-to-date: /root/workspaces/slam_ws/install/slam_toolbox_demo/share/slam_toolbox_demo/local_setup.dsv
[3.488s] -- Installing: /root/workspaces/slam_ws/install/slam_toolbox_demo/share/slam_toolbox_demo/package.dsv
[3.494s] -- Up-to-date: /root/workspaces/slam_ws/install/slam_toolbox_demo/share/ament_index/resource_index/packages/slam_toolbox_demo
[3.494s] -- Up-to-date: /root/workspaces/slam_ws/install/slam_toolbox_demo/share/slam_toolbox_demo/cmake/slam_toolbox_demoConfig.cmake
[3.494s] -- Up-to-date: /root/workspaces/slam_ws/install/slam_toolbox_demo/share/slam_toolbox_demo/cmake/slam_toolbox_demoConfig-version.cmake
[3.494s] -- Up-to-date: /root/workspaces/slam_ws/install/slam_toolbox_demo/share/slam_toolbox_demo/package.xml
[3.504s] Invoked command in '/root/workspaces/slam_ws/build/slam_toolbox_demo' returned '0': CMAKE_PREFIX_PATH=${CMAKE_PREFIX_PATH}:/opt/ros/jazzy /usr/bin/cmake --install /root/workspaces/slam_ws/build/slam_toolbox_demo
