[0.243s] DEBUG:colcon:Command line arguments: ['/usr/bin/colcon', 'build']
[0.243s] DEBUG:colcon:Parsed command line arguments: Namespace(log_base=None, log_level=None, verb_name='build', build_base='build', install_base='install', merge_install=False, symlink_install=False, test_result_base=None, continue_on_error=False, executor='parallel', parallel_workers=4, event_handlers=None, ignore_user_meta=False, metas=['./colcon.meta'], base_paths=['.'], packages_ignore=None, packages_ignore_regex=None, paths=None, packages_up_to=None, packages_up_to_regex=None, packages_above=None, packages_above_and_dependencies=None, packages_above_depth=None, packages_select_by_dep=None, packages_skip_by_dep=None, packages_skip_up_to=None, packages_select_build_failed=False, packages_skip_build_finished=False, packages_select_test_failures=False, packages_skip_test_passed=False, packages_select=None, packages_skip=None, packages_select_regex=None, packages_skip_regex=None, packages_start=None, packages_end=None, allow_overriding=[], cmake_args=None, cmake_target=None, cmake_target_skip_unavailable=False, cmake_clean_cache=False, cmake_clean_first=False, cmake_force_configure=False, ament_cmake_args=None, catkin_cmake_args=None, catkin_skip_building_tests=False, verb_parser=<colcon_defaults.argument_parser.defaults.DefaultArgumentsDecorator object at 0x7f1f1c5293a0>, verb_extension=<colcon_core.verb.build.BuildVerb object at 0x7f1f1c6f5280>, main=<bound method BuildVerb.main of <colcon_core.verb.build.BuildVerb object at 0x7f1f1c6f5280>>)
[0.406s] Level 1:colcon.colcon_core.package_discovery:discover_packages(colcon_meta) check parameters
[0.408s] Level 1:colcon.colcon_core.package_discovery:discover_packages(recursive) check parameters
[0.411s] Level 1:colcon.colcon_core.package_discovery:discover_packages(ignore) check parameters
[0.415s] Level 1:colcon.colcon_core.package_discovery:discover_packages(path) check parameters
[0.424s] Level 1:colcon.colcon_core.package_discovery:discover_packages(colcon_meta) discover
[0.430s] Level 1:colcon.colcon_core.package_discovery:discover_packages(recursive) discover
[0.440s] INFO:colcon.colcon_core.package_discovery:Crawling recursively for packages in '/root/workspaces/slam_ws'
[0.450s] Level 1:colcon.colcon_core.package_identification:_identify(.) by extensions ['ignore', 'ignore_ament_install']
[0.451s] Level 1:colcon.colcon_core.package_identification:_identify(.) by extension 'ignore'
[0.460s] Level 1:colcon.colcon_core.package_identification:_identify(.) by extension 'ignore_ament_install'
[0.467s] Level 1:colcon.colcon_core.package_identification:_identify(.) by extensions ['colcon_pkg']
[0.467s] Level 1:colcon.colcon_core.package_identification:_identify(.) by extension 'colcon_pkg'
[0.473s] Level 1:colcon.colcon_core.package_identification:_identify(.) by extensions ['colcon_meta']
[0.476s] Level 1:colcon.colcon_core.package_identification:_identify(.) by extension 'colcon_meta'
[0.480s] Level 1:colcon.colcon_core.package_identification:_identify(.) by extensions ['ros']
[0.499s] Level 1:colcon.colcon_core.package_identification:_identify(.) by extension 'ros'
[0.555s] Level 1:colcon.colcon_core.package_identification:_identify(.) by extensions ['cmake', 'python']
[0.555s] Level 1:colcon.colcon_core.package_identification:_identify(.) by extension 'cmake'
[0.571s] Level 1:colcon.colcon_core.package_identification:_identify(.) by extension 'python'
[0.579s] Level 1:colcon.colcon_core.package_identification:_identify(.) by extensions ['python_setup_py']
[0.581s] Level 1:colcon.colcon_core.package_identification:_identify(.) by extension 'python_setup_py'
[0.592s] Level 1:colcon.colcon_core.package_identification:_identify(build) by extensions ['ignore', 'ignore_ament_install']
[0.593s] Level 1:colcon.colcon_core.package_identification:_identify(build) by extension 'ignore'
[0.598s] Level 1:colcon.colcon_core.package_identification:_identify(build) ignored
[0.607s] Level 1:colcon.colcon_core.package_identification:_identify(install) by extensions ['ignore', 'ignore_ament_install']
[0.610s] Level 1:colcon.colcon_core.package_identification:_identify(install) by extension 'ignore'
[0.615s] Level 1:colcon.colcon_core.package_identification:_identify(install) ignored
[0.630s] Level 1:colcon.colcon_core.package_identification:_identify(log) by extensions ['ignore', 'ignore_ament_install']
[0.651s] Level 1:colcon.colcon_core.package_identification:_identify(log) by extension 'ignore'
[0.656s] Level 1:colcon.colcon_core.package_identification:_identify(log) ignored
[0.662s] Level 1:colcon.colcon_core.package_identification:_identify(src) by extensions ['ignore', 'ignore_ament_install']
[0.668s] Level 1:colcon.colcon_core.package_identification:_identify(src) by extension 'ignore'
[0.675s] Level 1:colcon.colcon_core.package_identification:_identify(src) by extension 'ignore_ament_install'
[0.684s] Level 1:colcon.colcon_core.package_identification:_identify(src) by extensions ['colcon_pkg']
[0.688s] Level 1:colcon.colcon_core.package_identification:_identify(src) by extension 'colcon_pkg'
[0.695s] Level 1:colcon.colcon_core.package_identification:_identify(src) by extensions ['colcon_meta']
[0.702s] Level 1:colcon.colcon_core.package_identification:_identify(src) by extension 'colcon_meta'
[0.707s] Level 1:colcon.colcon_core.package_identification:_identify(src) by extensions ['ros']
[0.713s] Level 1:colcon.colcon_core.package_identification:_identify(src) by extension 'ros'
[0.724s] Level 1:colcon.colcon_core.package_identification:_identify(src) by extensions ['cmake', 'python']
[0.725s] Level 1:colcon.colcon_core.package_identification:_identify(src) by extension 'cmake'
[0.733s] Level 1:colcon.colcon_core.package_identification:_identify(src) by extension 'python'
[0.738s] Level 1:colcon.colcon_core.package_identification:_identify(src) by extensions ['python_setup_py']
[0.741s] Level 1:colcon.colcon_core.package_identification:_identify(src) by extension 'python_setup_py'
[0.788s] Level 1:colcon.colcon_core.package_identification:_identify(src/slam_toolbox_demo) by extensions ['ignore', 'ignore_ament_install']
[0.793s] Level 1:colcon.colcon_core.package_identification:_identify(src/slam_toolbox_demo) by extension 'ignore'
[0.812s] Level 1:colcon.colcon_core.package_identification:_identify(src/slam_toolbox_demo) by extension 'ignore_ament_install'
[0.819s] Level 1:colcon.colcon_core.package_identification:_identify(src/slam_toolbox_demo) by extensions ['colcon_pkg']
[0.820s] Level 1:colcon.colcon_core.package_identification:_identify(src/slam_toolbox_demo) by extension 'colcon_pkg'
[0.828s] Level 1:colcon.colcon_core.package_identification:_identify(src/slam_toolbox_demo) by extensions ['colcon_meta']
[0.832s] Level 1:colcon.colcon_core.package_identification:_identify(src/slam_toolbox_demo) by extension 'colcon_meta'
[0.836s] Level 1:colcon.colcon_core.package_identification:_identify(src/slam_toolbox_demo) by extensions ['ros']
[0.842s] Level 1:colcon.colcon_core.package_identification:_identify(src/slam_toolbox_demo) by extension 'ros'
[0.862s] DEBUG:colcon.colcon_core.package_identification:Package 'src/slam_toolbox_demo' with type 'ros.ament_cmake' and name 'slam_toolbox_demo'
[0.862s] Level 1:colcon.colcon_core.package_discovery:discover_packages(recursive) using defaults
[0.867s] Level 1:colcon.colcon_core.package_discovery:discover_packages(ignore) discover
[0.880s] Level 1:colcon.colcon_core.package_discovery:discover_packages(ignore) using defaults
[0.886s] Level 1:colcon.colcon_core.package_discovery:discover_packages(path) discover
[0.891s] Level 1:colcon.colcon_core.package_discovery:discover_packages(path) using defaults
[0.925s] Level 1:colcon.colcon_core.package_discovery:discover_packages(prefix_path) check parameters
[0.925s] Level 1:colcon.colcon_core.package_discovery:discover_packages(prefix_path) discover
[0.957s] DEBUG:colcon.colcon_installed_package_information.package_discovery:Found 3 installed packages in /root/workspaces/turtlebot_ws/install
[0.961s] DEBUG:colcon.colcon_installed_package_information.package_discovery:Found 453 installed packages in /opt/ros/jazzy
[0.970s] Level 1:colcon.colcon_core.package_discovery:discover_packages(prefix_path) using defaults
[1.084s] Level 5:colcon.colcon_core.verb:set package 'slam_toolbox_demo' build argument 'cmake_args' from command line to 'None'
[1.084s] Level 5:colcon.colcon_core.verb:set package 'slam_toolbox_demo' build argument 'cmake_target' from command line to 'None'
[1.084s] Level 5:colcon.colcon_core.verb:set package 'slam_toolbox_demo' build argument 'cmake_target_skip_unavailable' from command line to 'False'
[1.089s] Level 5:colcon.colcon_core.verb:set package 'slam_toolbox_demo' build argument 'cmake_clean_cache' from command line to 'False'
[1.095s] Level 5:colcon.colcon_core.verb:set package 'slam_toolbox_demo' build argument 'cmake_clean_first' from command line to 'False'
[1.100s] Level 5:colcon.colcon_core.verb:set package 'slam_toolbox_demo' build argument 'cmake_force_configure' from command line to 'False'
[1.105s] Level 5:colcon.colcon_core.verb:set package 'slam_toolbox_demo' build argument 'ament_cmake_args' from command line to 'None'
[1.116s] Level 5:colcon.colcon_core.verb:set package 'slam_toolbox_demo' build argument 'catkin_cmake_args' from command line to 'None'
[1.122s] Level 5:colcon.colcon_core.verb:set package 'slam_toolbox_demo' build argument 'catkin_skip_building_tests' from command line to 'False'
[1.128s] DEBUG:colcon.colcon_core.verb:Building package 'slam_toolbox_demo' with the following arguments: {'ament_cmake_args': None, 'build_base': '/root/workspaces/slam_ws/build/slam_toolbox_demo', 'catkin_cmake_args': None, 'catkin_skip_building_tests': False, 'cmake_args': None, 'cmake_clean_cache': False, 'cmake_clean_first': False, 'cmake_force_configure': False, 'cmake_target': None, 'cmake_target_skip_unavailable': False, 'install_base': '/root/workspaces/slam_ws/install/slam_toolbox_demo', 'merge_install': False, 'path': '/root/workspaces/slam_ws/src/slam_toolbox_demo', 'symlink_install': False, 'test_result_base': None}
[1.133s] INFO:colcon.colcon_core.executor:Executing jobs using 'parallel' executor
[1.141s] DEBUG:colcon.colcon_parallel_executor.executor.parallel:run_until_complete
[1.147s] INFO:colcon.colcon_ros.task.ament_cmake.build:Building ROS package in '/root/workspaces/slam_ws/src/slam_toolbox_demo' with build type 'ament_cmake'
[1.154s] INFO:colcon.colcon_cmake.task.cmake.build:Building CMake package in '/root/workspaces/slam_ws/src/slam_toolbox_demo'
[1.166s] INFO:colcon.colcon_core.plugin_system:Skipping extension 'colcon_core.shell.bat': Not used on non-Windows systems
[1.166s] INFO:colcon.colcon_core.shell:Skip shell extension 'powershell' for command environment: Not usable outside of PowerShell
[1.166s] DEBUG:colcon.colcon_core.shell:Skip shell extension 'dsv' for command environment
[1.518s] DEBUG:colcon.colcon_core.event_handler.log_command:Invoking command in '/root/workspaces/slam_ws/build/slam_toolbox_demo': CMAKE_PREFIX_PATH=${CMAKE_PREFIX_PATH}:/opt/ros/jazzy /usr/bin/cmake /root/workspaces/slam_ws/src/slam_toolbox_demo -DCMAKE_INSTALL_PREFIX=/root/workspaces/slam_ws/install/slam_toolbox_demo
[8.783s] DEBUG:colcon.colcon_core.event_handler.log_command:Invoked command in '/root/workspaces/slam_ws/build/slam_toolbox_demo' returned '0': CMAKE_PREFIX_PATH=${CMAKE_PREFIX_PATH}:/opt/ros/jazzy /usr/bin/cmake /root/workspaces/slam_ws/src/slam_toolbox_demo -DCMAKE_INSTALL_PREFIX=/root/workspaces/slam_ws/install/slam_toolbox_demo
[8.788s] DEBUG:colcon.colcon_core.event_handler.log_command:Invoking command in '/root/workspaces/slam_ws/build/slam_toolbox_demo': CMAKE_PREFIX_PATH=${CMAKE_PREFIX_PATH}:/opt/ros/jazzy /usr/bin/cmake --build /root/workspaces/slam_ws/build/slam_toolbox_demo -- -j4 -l4
[8.903s] DEBUG:colcon.colcon_core.event_handler.log_command:Invoked command in '/root/workspaces/slam_ws/build/slam_toolbox_demo' returned '0': CMAKE_PREFIX_PATH=${CMAKE_PREFIX_PATH}:/opt/ros/jazzy /usr/bin/cmake --build /root/workspaces/slam_ws/build/slam_toolbox_demo -- -j4 -l4
[8.934s] DEBUG:colcon.colcon_core.event_handler.log_command:Invoking command in '/root/workspaces/slam_ws/build/slam_toolbox_demo': CMAKE_PREFIX_PATH=${CMAKE_PREFIX_PATH}:/opt/ros/jazzy /usr/bin/cmake --install /root/workspaces/slam_ws/build/slam_toolbox_demo
[9.962s] Level 1:colcon.colcon_core.environment:create_environment_scripts_only(slam_toolbox_demo)
[9.962s] DEBUG:colcon.colcon_core.event_handler.log_command:Invoked command in '/root/workspaces/slam_ws/build/slam_toolbox_demo' returned '0': CMAKE_PREFIX_PATH=${CMAKE_PREFIX_PATH}:/opt/ros/jazzy /usr/bin/cmake --install /root/workspaces/slam_ws/build/slam_toolbox_demo
[9.966s] Level 1:colcon.colcon_core.environment:checking '/root/workspaces/slam_ws/install/slam_toolbox_demo' for CMake module files
[9.990s] Level 1:colcon.colcon_core.environment:checking '/root/workspaces/slam_ws/install/slam_toolbox_demo' for CMake config files
[10.023s] Level 1:colcon.colcon_core.shell:create_environment_hook('slam_toolbox_demo', 'cmake_prefix_path')
[10.023s] INFO:colcon.colcon_core.shell:Creating environment hook '/root/workspaces/slam_ws/install/slam_toolbox_demo/share/slam_toolbox_demo/hook/cmake_prefix_path.ps1'
[10.047s] INFO:colcon.colcon_core.shell:Creating environment descriptor '/root/workspaces/slam_ws/install/slam_toolbox_demo/share/slam_toolbox_demo/hook/cmake_prefix_path.dsv'
[10.064s] INFO:colcon.colcon_core.shell:Creating environment hook '/root/workspaces/slam_ws/install/slam_toolbox_demo/share/slam_toolbox_demo/hook/cmake_prefix_path.sh'
[10.082s] Level 1:colcon.colcon_core.environment:checking '/root/workspaces/slam_ws/install/slam_toolbox_demo/bin'
[10.084s] Level 1:colcon.colcon_core.environment:checking '/root/workspaces/slam_ws/install/slam_toolbox_demo/lib/pkgconfig/slam_toolbox_demo.pc'
[10.089s] Level 1:colcon.colcon_core.environment:checking '/root/workspaces/slam_ws/install/slam_toolbox_demo/lib/python3.12/site-packages'
[10.094s] Level 1:colcon.colcon_core.environment:checking '/root/workspaces/slam_ws/install/slam_toolbox_demo/bin'
[10.098s] INFO:colcon.colcon_core.shell:Creating package script '/root/workspaces/slam_ws/install/slam_toolbox_demo/share/slam_toolbox_demo/package.ps1'
[10.119s] INFO:colcon.colcon_core.shell:Creating package descriptor '/root/workspaces/slam_ws/install/slam_toolbox_demo/share/slam_toolbox_demo/package.dsv'
[10.137s] INFO:colcon.colcon_core.shell:Creating package script '/root/workspaces/slam_ws/install/slam_toolbox_demo/share/slam_toolbox_demo/package.sh'
[10.151s] INFO:colcon.colcon_core.shell:Creating package script '/root/workspaces/slam_ws/install/slam_toolbox_demo/share/slam_toolbox_demo/package.bash'
[10.166s] INFO:colcon.colcon_core.shell:Creating package script '/root/workspaces/slam_ws/install/slam_toolbox_demo/share/slam_toolbox_demo/package.zsh'
[10.181s] Level 1:colcon.colcon_core.environment:create_file_with_runtime_dependencies(/root/workspaces/slam_ws/install/slam_toolbox_demo/share/colcon-core/packages/slam_toolbox_demo)
[10.206s] Level 1:colcon.colcon_core.environment:create_environment_scripts_only(slam_toolbox_demo)
[10.206s] Level 1:colcon.colcon_core.environment:checking '/root/workspaces/slam_ws/install/slam_toolbox_demo' for CMake module files
[10.214s] Level 1:colcon.colcon_core.environment:checking '/root/workspaces/slam_ws/install/slam_toolbox_demo' for CMake config files
[10.238s] Level 1:colcon.colcon_core.shell:create_environment_hook('slam_toolbox_demo', 'cmake_prefix_path')
[10.238s] INFO:colcon.colcon_core.shell:Creating environment hook '/root/workspaces/slam_ws/install/slam_toolbox_demo/share/slam_toolbox_demo/hook/cmake_prefix_path.ps1'
[10.277s] INFO:colcon.colcon_core.shell:Creating environment descriptor '/root/workspaces/slam_ws/install/slam_toolbox_demo/share/slam_toolbox_demo/hook/cmake_prefix_path.dsv'
[10.294s] INFO:colcon.colcon_core.shell:Creating environment hook '/root/workspaces/slam_ws/install/slam_toolbox_demo/share/slam_toolbox_demo/hook/cmake_prefix_path.sh'
[10.310s] Level 1:colcon.colcon_core.environment:checking '/root/workspaces/slam_ws/install/slam_toolbox_demo/bin'
[10.310s] Level 1:colcon.colcon_core.environment:checking '/root/workspaces/slam_ws/install/slam_toolbox_demo/lib/pkgconfig/slam_toolbox_demo.pc'
[10.315s] Level 1:colcon.colcon_core.environment:checking '/root/workspaces/slam_ws/install/slam_toolbox_demo/lib/python3.12/site-packages'
[10.323s] Level 1:colcon.colcon_core.environment:checking '/root/workspaces/slam_ws/install/slam_toolbox_demo/bin'
[10.327s] INFO:colcon.colcon_core.shell:Creating package script '/root/workspaces/slam_ws/install/slam_toolbox_demo/share/slam_toolbox_demo/package.ps1'
[10.351s] INFO:colcon.colcon_core.shell:Creating package descriptor '/root/workspaces/slam_ws/install/slam_toolbox_demo/share/slam_toolbox_demo/package.dsv'
[10.367s] INFO:colcon.colcon_core.shell:Creating package script '/root/workspaces/slam_ws/install/slam_toolbox_demo/share/slam_toolbox_demo/package.sh'
[10.383s] INFO:colcon.colcon_core.shell:Creating package script '/root/workspaces/slam_ws/install/slam_toolbox_demo/share/slam_toolbox_demo/package.bash'
[10.398s] INFO:colcon.colcon_core.shell:Creating package script '/root/workspaces/slam_ws/install/slam_toolbox_demo/share/slam_toolbox_demo/package.zsh'
[10.414s] Level 1:colcon.colcon_core.environment:create_file_with_runtime_dependencies(/root/workspaces/slam_ws/install/slam_toolbox_demo/share/colcon-core/packages/slam_toolbox_demo)
[10.419s] DEBUG:colcon.colcon_parallel_executor.executor.parallel:closing loop
[10.420s] DEBUG:colcon.colcon_parallel_executor.executor.parallel:loop closed
[10.420s] DEBUG:colcon.colcon_parallel_executor.executor.parallel:run_until_complete finished with '0'
[10.420s] DEBUG:colcon.colcon_core.event_reactor:joining thread
[10.453s] INFO:colcon.colcon_core.plugin_system:Skipping extension 'colcon_notification.desktop_notification.notify_send': Could not find 'notify-send'
[10.453s] INFO:colcon.colcon_core.plugin_system:Skipping extension 'colcon_notification.desktop_notification.terminal_notifier': Not used on non-Darwin systems
[10.459s] INFO:colcon.colcon_core.plugin_system:Skipping extension 'colcon_notification.desktop_notification.win32': Not used on non-Windows systems
[10.464s] INFO:colcon.colcon_notification.desktop_notification:Sending desktop notification using 'notify2'
[10.476s] DEBUG:colcon.colcon_notification.desktop_notification.notify2:Failed to initialize notify2: org.freedesktop.DBus.Error.Spawn.ExecFailed: /usr/bin/dbus-launch terminated abnormally without any error message
[10.476s] DEBUG:colcon.colcon_core.event_reactor:joined thread
[10.481s] INFO:colcon.colcon_core.shell:Creating prefix script '/root/workspaces/slam_ws/install/local_setup.ps1'
[10.499s] INFO:colcon.colcon_core.shell:Creating prefix util module '/root/workspaces/slam_ws/install/_local_setup_util_ps1.py'
[10.518s] INFO:colcon.colcon_core.shell:Creating prefix chain script '/root/workspaces/slam_ws/install/setup.ps1'
[10.541s] INFO:colcon.colcon_core.shell:Creating prefix script '/root/workspaces/slam_ws/install/local_setup.sh'
[10.559s] INFO:colcon.colcon_core.shell:Creating prefix util module '/root/workspaces/slam_ws/install/_local_setup_util_sh.py'
[10.577s] INFO:colcon.colcon_core.shell:Creating prefix chain script '/root/workspaces/slam_ws/install/setup.sh'
[10.604s] INFO:colcon.colcon_core.shell:Creating prefix script '/root/workspaces/slam_ws/install/local_setup.bash'
[10.619s] INFO:colcon.colcon_core.shell:Creating prefix chain script '/root/workspaces/slam_ws/install/setup.bash'
[10.644s] INFO:colcon.colcon_core.shell:Creating prefix script '/root/workspaces/slam_ws/install/local_setup.zsh'
[10.665s] INFO:colcon.colcon_core.shell:Creating prefix chain script '/root/workspaces/slam_ws/install/setup.zsh'
